[INFO] Scanning for projects...
[INFO] 
[INFO] --------------------< com.tpa:tpa-claim-processor >---------------------
[INFO] Building tpa-claim-processor 1.0.0-SNAPSHOT
[INFO]   from pom.xml
[INFO] --------------------------------[ jar ]---------------------------------
[INFO] 
[INFO] --- clean:3.4.1:clean (default-clean) @ tpa-claim-processor ---
[INFO] Deleting c:\Users\MPremananda\Desktop\TPA Insurance Claim Processing System\target
[INFO] 
[INFO] --- resources:3.3.1:resources (default-resources) @ tpa-claim-processor ---
[INFO] Copying 2 resources from src\main\resources to target\classes
[INFO] Copying 11 resources from src\main\resources to target\classes
[INFO] 
[INFO] --- compiler:3.13.0:compile (default-compile) @ tpa-claim-processor ---
[INFO] Recompiling the module because of changed source code.
[INFO] Compiling 55 source files with javac [debug parameters release 21] to target\classes
[INFO] 
[INFO] --- resources:3.3.1:testResources (default-testResources) @ tpa-claim-processor ---
[INFO] Copying 1 resource from src\test\resources to target\test-classes
[INFO] 
[INFO] --- compiler:3.13.0:testCompile (default-testCompile) @ tpa-claim-processor ---
[INFO] Recompiling the module because of changed dependency.
[INFO] Compiling 14 source files with javac [debug parameters release 21] to target\test-classes
[INFO] /c:/Users/MPremananda/Desktop/TPA Insurance Claim Processing System/src/test/java/com/tpa/claimprocessor/scripts/DecisionUIVerificationScript.java: c:\Users\MPremananda\Desktop\TPA Insurance Claim Processing System\src\test\java\com\tpa\claimprocessor\scripts\DecisionUIVerificationScript.java uses or overrides a deprecated API.
[INFO] /c:/Users/MPremananda/Desktop/TPA Insurance Claim Processing System/src/test/java/com/tpa/claimprocessor/scripts/DecisionUIVerificationScript.java: Recompile with -Xlint:deprecation for details.
[INFO] -------------------------------------------------------------
[WARNING] COMPILATION WARNING : 
[INFO] -------------------------------------------------------------
[WARNING] /c:/Users/MPremananda/Desktop/TPA Insurance Claim Processing System/src/test/java/com/tpa/claimprocessor/service/ClaimServiceTest.java:[41,6] org.springframework.boot.test.mock.mockito.MockBean in org.springframework.boot.test.mock.mockito has been deprecated and marked for removal
[WARNING] /c:/Users/MPremananda/Desktop/TPA Insurance Claim Processing System/src/test/java/com/tpa/claimprocessor/service/ClaimServiceTest.java:[44,6] org.springframework.boot.test.mock.mockito.MockBean in org.springframework.boot.test.mock.mockito has been deprecated and marked for removal
[WARNING] /c:/Users/MPremananda/Desktop/TPA Insurance Claim Processing System/src/test/java/com/tpa/claimprocessor/service/ClaimServiceTest.java:[47,6] org.springframework.boot.test.mock.mockito.MockBean in org.springframework.boot.test.mock.mockito has been deprecated and marked for removal
[WARNING] /c:/Users/MPremananda/Desktop/TPA Insurance Claim Processing System/src/test/java/com/tpa/claimprocessor/service/ClaimServiceTest.java:[50,6] org.springframework.boot.test.mock.mockito.MockBean in org.springframework.boot.test.mock.mockito has been deprecated and marked for removal
[WARNING] /c:/Users/MPremananda/Desktop/TPA Insurance Claim Processing System/src/test/java/com/tpa/claimprocessor/service/ClaimServiceTest.java:[53,6] org.springframework.boot.test.mock.mockito.MockBean in org.springframework.boot.test.mock.mockito has been deprecated and marked for removal
[WARNING] /c:/Users/MPremananda/Desktop/TPA Insurance Claim Processing System/src/test/java/com/tpa/claimprocessor/service/ClaimServiceTest.java:[56,6] org.springframework.boot.test.mock.mockito.MockBean in org.springframework.boot.test.mock.mockito has been deprecated and marked for removal
[WARNING] /c:/Users/MPremananda/Desktop/TPA Insurance Claim Processing System/src/test/java/com/tpa/claimprocessor/service/ClaimServiceTest.java:[59,6] org.springframework.boot.test.mock.mockito.MockBean in org.springframework.boot.test.mock.mockito has been deprecated and marked for removal
[INFO] 7 warnings 
[INFO] -------------------------------------------------------------
[INFO] -------------------------------------------------------------
[ERROR] COMPILATION ERROR : 
[INFO] -------------------------------------------------------------
[ERROR] /c:/Users/MPremananda/Desktop/TPA Insurance Claim Processing System/src/test/java/com/tpa/claimprocessor/controller/ControllerIntegrationTest.java:[108,53] cannot find symbol
  symbol:   method findByStatus(com.tpa.claimprocessor.domain.enums.ClaimStatus)
  location: variable claimRepository of type com.tpa.claimprocessor.domain.repository.ClaimRepository
[ERROR] /c:/Users/MPremananda/Desktop/TPA Insurance Claim Processing System/src/test/java/com/tpa/claimprocessor/controller/ControllerIntegrationTest.java:[123,37] cannot find symbol
  symbol:   method findByStatus(com.tpa.claimprocessor.domain.enums.ClaimStatus)
  location: variable claimRepository of type com.tpa.claimprocessor.domain.repository.ClaimRepository
[ERROR] /c:/Users/MPremananda/Desktop/TPA Insurance Claim Processing System/src/test/java/com/tpa/claimprocessor/controller/ControllerIntegrationTest.java:[134,51] cannot find symbol
  symbol:   method findByPolicyNumber(java.lang.String)
  location: variable claimRepository of type com.tpa.claimprocessor.domain.repository.ClaimRepository
[ERROR] /c:/Users/MPremananda/Desktop/TPA Insurance Claim Processing System/src/test/java/com/tpa/claimprocessor/controller/ControllerIntegrationTest.java:[186,44] cannot find symbol
  symbol:   method getPolicyHolderName()
  location: variable retrieved of type com.tpa.claimprocessor.domain.entity.Policy
[ERROR] /c:/Users/MPremananda/Desktop/TPA Insurance Claim Processing System/src/test/java/com/tpa/claimprocessor/controller/ControllerIntegrationTest.java:[192,55] cannot find symbol
  symbol:   method findByStatus(java.lang.String)
  location: variable policyRepository of type com.tpa.claimprocessor.domain.repository.PolicyRepository
[ERROR] /c:/Users/MPremananda/Desktop/TPA Insurance Claim Processing System/src/test/java/com/tpa/claimprocessor/controller/ControllerIntegrationTest.java:[212,57] cannot find symbol
  symbol:   method findByStatus(java.lang.String)
  location: variable policyRepository of type com.tpa.claimprocessor.domain.repository.PolicyRepository
[ERROR] /c:/Users/MPremananda/Desktop/TPA Insurance Claim Processing System/src/test/java/com/tpa/claimprocessor/controller/ControllerIntegrationTest.java:[221,60] cannot find symbol
  symbol:   method getCoverageLimit()
  location: variable retrieved of type com.tpa.claimprocessor.domain.entity.Policy
[ERROR] /c:/Users/MPremananda/Desktop/TPA Insurance Claim Processing System/src/test/java/com/tpa/claimprocessor/controller/ControllerIntegrationTest.java:[276,40] cannot find symbol
  symbol:   method findByStatus(com.tpa.claimprocessor.domain.enums.ClaimStatus)
  location: variable claimRepository of type com.tpa.claimprocessor.domain.repository.ClaimRepository
[ERROR] /c:/Users/MPremananda/Desktop/TPA Insurance Claim Processing System/src/test/java/com/tpa/claimprocessor/controller/ControllerIntegrationTest.java:[277,40] cannot find symbol
  symbol:   method findByStatus(com.tpa.claimprocessor.domain.enums.ClaimStatus)
  location: variable claimRepository of type com.tpa.claimprocessor.domain.repository.ClaimRepository
[ERROR] /c:/Users/MPremananda/Desktop/TPA Insurance Claim Processing System/src/test/java/com/tpa/claimprocessor/controller/ControllerIntegrationTest.java:[278,39] cannot find symbol
  symbol:   method findByStatus(com.tpa.claimprocessor.domain.enums.ClaimStatus)
  location: variable claimRepository of type com.tpa.claimprocessor.domain.repository.ClaimRepository
[ERROR] /c:/Users/MPremananda/Desktop/TPA Insurance Claim Processing System/src/test/java/com/tpa/claimprocessor/controller/ControllerIntegrationTest.java:[302,26] cannot find symbol
  symbol:   method getCoverageLimit()
  location: variable policy of type com.tpa.claimprocessor.domain.entity.Policy
[ERROR] /c:/Users/MPremananda/Desktop/TPA Insurance Claim Processing System/src/test/java/com/tpa/claimprocessor/controller/ControllerIntegrationTest.java:[321,44] cannot find symbol
  symbol:   method getPolicyHolderName()
  location: variable retrieved of type com.tpa.claimprocessor.domain.entity.Policy
[ERROR] /c:/Users/MPremananda/Desktop/TPA Insurance Claim Processing System/src/test/java/com/tpa/claimprocessor/controller/ControllerIntegrationTest.java:[328,51] cannot find symbol
  symbol:   method getCreatedDate()
  location: variable c of type com.tpa.claimprocessor.domain.entity.Claim
[ERROR] /c:/Users/MPremananda/Desktop/TPA Insurance Claim Processing System/src/test/java/com/tpa/claimprocessor/controller/ControllerIntegrationTest.java:[335,53] cannot find symbol
  symbol:   method getCoverageLimit()
  location: variable p of type com.tpa.claimprocessor.domain.entity.Policy
[ERROR] /c:/Users/MPremananda/Desktop/TPA Insurance Claim Processing System/src/test/java/com/tpa/claimprocessor/extraction/ExtractionComprehensiveTest.java:[169,64] cannot find symbol
  symbol:   variable MEDICAL_RECORDS
  location: class com.tpa.claimprocessor.domain.enums.DocumentType
[ERROR] /c:/Users/MPremananda/Desktop/TPA Insurance Claim Processing System/src/test/java/com/tpa/claimprocessor/extraction/ExtractionComprehensiveTest.java:[183,43] cannot find symbol
  symbol:   method getFileName()
  location: variable retrieved of type com.tpa.claimprocessor.domain.entity.ClaimDocument
[ERROR] /c:/Users/MPremananda/Desktop/TPA Insurance Claim Processing System/src/test/java/com/tpa/claimprocessor/extraction/ExtractionComprehensiveTest.java:[184,50] cannot find symbol
  symbol:   method getMimeType()
  location: variable retrieved of type com.tpa.claimprocessor.domain.entity.ClaimDocument
[ERROR] /c:/Users/MPremananda/Desktop/TPA Insurance Claim Processing System/src/test/java/com/tpa/claimprocessor/extraction/ExtractionComprehensiveTest.java:[186,42] cannot find symbol
  symbol:   method getFileHash()
  location: variable retrieved of type com.tpa.claimprocessor.domain.entity.ClaimDocument
[ERROR] /c:/Users/MPremananda/Desktop/TPA Insurance Claim Processing System/src/test/java/com/tpa/claimprocessor/rules/RulesComprehensiveTest.java:[75,52] cannot find symbol
  symbol:   method getRuleId()
  location: variable r of type com.tpa.claimprocessor.rules.RuleEvaluationResult
[ERROR] /c:/Users/MPremananda/Desktop/TPA Insurance Claim Processing System/src/test/java/com/tpa/claimprocessor/rules/RulesComprehensiveTest.java:[90,53] cannot find symbol
  symbol:   method getRuleId()
  location: variable r of type com.tpa.claimprocessor.rules.RuleEvaluationResult
[ERROR] /c:/Users/MPremananda/Desktop/TPA Insurance Claim Processing System/src/test/java/com/tpa/claimprocessor/rules/RulesComprehensiveTest.java:[105,52] cannot find symbol
  symbol:   method getRuleId()
  location: variable r of type com.tpa.claimprocessor.rules.RuleEvaluationResult
[ERROR] /c:/Users/MPremananda/Desktop/TPA Insurance Claim Processing System/src/test/java/com/tpa/claimprocessor/rules/RulesComprehensiveTest.java:[120,53] cannot find symbol
  symbol:   method getRuleId()
  location: variable r of type com.tpa.claimprocessor.rules.RuleEvaluationResult
[ERROR] /c:/Users/MPremananda/Desktop/TPA Insurance Claim Processing System/src/test/java/com/tpa/claimprocessor/rules/RulesComprehensiveTest.java:[148,52] cannot find symbol
  symbol:   method getRuleId()
  location: variable r of type com.tpa.claimprocessor.rules.RuleEvaluationResult
[ERROR] /c:/Users/MPremananda/Desktop/TPA Insurance Claim Processing System/src/test/java/com/tpa/claimprocessor/rules/RulesComprehensiveTest.java:[163,53] cannot find symbol
  symbol:   method getRuleId()
  location: variable r of type com.tpa.claimprocessor.rules.RuleEvaluationResult
[ERROR] /c:/Users/MPremananda/Desktop/TPA Insurance Claim Processing System/src/test/java/com/tpa/claimprocessor/rules/RulesComprehensiveTest.java:[179,52] cannot find symbol
  symbol:   method getRuleId()
  location: variable r of type com.tpa.claimprocessor.rules.RuleEvaluationResult
[ERROR] /c:/Users/MPremananda/Desktop/TPA Insurance Claim Processing System/src/test/java/com/tpa/claimprocessor/rules/RulesComprehensiveTest.java:[194,53] cannot find symbol
  symbol:   method getRuleId()
  location: variable r of type com.tpa.claimprocessor.rules.RuleEvaluationResult
[ERROR] /c:/Users/MPremananda/Desktop/TPA Insurance Claim Processing System/src/test/java/com/tpa/claimprocessor/rules/RulesComprehensiveTest.java:[211,52] cannot find symbol
  symbol:   method getRuleId()
  location: variable r of type com.tpa.claimprocessor.rules.RuleEvaluationResult
[ERROR] /c:/Users/MPremananda/Desktop/TPA Insurance Claim Processing System/src/test/java/com/tpa/claimprocessor/rules/RulesComprehensiveTest.java:[227,53] cannot find symbol
  symbol:   method getRuleId()
  location: variable r of type com.tpa.claimprocessor.rules.RuleEvaluationResult
[ERROR] /c:/Users/MPremananda/Desktop/TPA Insurance Claim Processing System/src/test/java/com/tpa/claimprocessor/rules/RulesComprehensiveTest.java:[245,52] cannot find symbol
  symbol:   method getRuleId()
  location: variable r of type com.tpa.claimprocessor.rules.RuleEvaluationResult
[ERROR] /c:/Users/MPremananda/Desktop/TPA Insurance Claim Processing System/src/test/java/com/tpa/claimprocessor/rules/RulesComprehensiveTest.java:[262,53] cannot find symbol
  symbol:   method getRuleId()
  location: variable r of type com.tpa.claimprocessor.rules.RuleEvaluationResult
[ERROR] /c:/Users/MPremananda/Desktop/TPA Insurance Claim Processing System/src/test/java/com/tpa/claimprocessor/rules/RulesComprehensiveTest.java:[280,52] cannot find symbol
  symbol:   method getRuleId()
  location: variable r of type com.tpa.claimprocessor.rules.RuleEvaluationResult
[ERROR] /c:/Users/MPremananda/Desktop/TPA Insurance Claim Processing System/src/test/java/com/tpa/claimprocessor/rules/RulesComprehensiveTest.java:[297,52] cannot find symbol
  symbol:   method getRuleId()
  location: variable r of type com.tpa.claimprocessor.rules.RuleEvaluationResult
[ERROR] /c:/Users/MPremananda/Desktop/TPA Insurance Claim Processing System/src/test/java/com/tpa/claimprocessor/util/UtilityDatabaseTest.java:[65,28] cannot find symbol
  symbol:   method getCreatedDate()
  location: variable saved of type com.tpa.claimprocessor.domain.entity.Claim
[ERROR] /c:/Users/MPremananda/Desktop/TPA Insurance Claim Processing System/src/test/java/com/tpa/claimprocessor/util/UtilityDatabaseTest.java:[88,60] cannot find symbol
  symbol:   method getFileHash()
  location: class com.tpa.claimprocessor.domain.entity.ClaimDocument
[ERROR] /c:/Users/MPremananda/Desktop/TPA Insurance Claim Processing System/src/test/java/com/tpa/claimprocessor/util/UtilityDatabaseTest.java:[99,50] cannot find symbol
  symbol:   method getFileName()
  location: class com.tpa.claimprocessor.domain.entity.ClaimDocument
[ERROR] /c:/Users/MPremananda/Desktop/TPA Insurance Claim Processing System/src/test/java/com/tpa/claimprocessor/util/UtilityDatabaseTest.java:[119,28] cannot find symbol
  symbol:   method getCreatedDate()
  location: variable saved of type com.tpa.claimprocessor.domain.entity.Claim
[ERROR] /c:/Users/MPremananda/Desktop/TPA Insurance Claim Processing System/src/test/java/com/tpa/claimprocessor/util/UtilityDatabaseTest.java:[191,25] cannot find symbol
  symbol:   method getExpirationDate()
  location: variable saved of type com.tpa.claimprocessor.domain.entity.Policy
[ERROR] /c:/Users/MPremananda/Desktop/TPA Insurance Claim Processing System/src/test/java/com/tpa/claimprocessor/util/UtilityDatabaseTest.java:[191,79] cannot find symbol
  symbol:   method getExpirationDate()
  location: variable saved of type com.tpa.claimprocessor.domain.entity.Policy
[ERROR] /c:/Users/MPremananda/Desktop/TPA Insurance Claim Processing System/src/test/java/com/tpa/claimprocessor/util/UtilityDatabaseTest.java:[209,47] cannot find symbol
  symbol:   method getInsuranceCompany()
  location: variable saved of type com.tpa.claimprocessor.domain.entity.Policy
[ERROR] /c:/Users/MPremananda/Desktop/TPA Insurance Claim Processing System/src/test/java/com/tpa/claimprocessor/util/UtilityDatabaseTest.java:[248,25] cannot find symbol
  symbol:   method getCoverageLimit()
  location: variable saved of type com.tpa.claimprocessor.domain.entity.Policy
[INFO] 40 errors 
[INFO] -------------------------------------------------------------
[INFO] ------------------------------------------------------------------------
[INFO] BUILD FAILURE
[INFO] ------------------------------------------------------------------------
[INFO] Total time:  12.041 s
[INFO] Finished at: 2026-08-14T15:21:52+05:30
[INFO] ------------------------------------------------------------------------
[ERROR] Failed to execute goal org.apache.maven.plugins:maven-compiler-plugin:3.13.0:testCompile (default-testCompile) on project tpa-claim-processor: Compilation failure: Compilation failure: 
[ERROR] /c:/Users/MPremananda/Desktop/TPA Insurance Claim Processing System/src/test/java/com/tpa/claimprocessor/controller/ControllerIntegrationTest.java:[108,53] cannot find symbol
[ERROR]   symbol:   method findByStatus(com.tpa.claimprocessor.domain.enums.ClaimStatus)
[ERROR]   location: variable claimRepository of type com.tpa.claimprocessor.domain.repository.ClaimRepository
[ERROR] /c:/Users/MPremananda/Desktop/TPA Insurance Claim Processing System/src/test/java/com/tpa/claimprocessor/controller/ControllerIntegrationTest.java:[123,37] cannot find symbol
[ERROR]   symbol:   method findByStatus(com.tpa.claimprocessor.domain.enums.ClaimStatus)
[ERROR]   location: variable claimRepository of type com.tpa.claimprocessor.domain.repository.ClaimRepository
[ERROR] /c:/Users/MPremananda/Desktop/TPA Insurance Claim Processing System/src/test/java/com/tpa/claimprocessor/controller/ControllerIntegrationTest.java:[134,51] cannot find symbol
[ERROR]   symbol:   method findByPolicyNumber(java.lang.String)
[ERROR]   location: variable claimRepository of type com.tpa.claimprocessor.domain.repository.ClaimRepository
[ERROR] /c:/Users/MPremananda/Desktop/TPA Insurance Claim Processing System/src/test/java/com/tpa/claimprocessor/controller/ControllerIntegrationTest.java:[186,44] cannot find symbol
[ERROR]   symbol:   method getPolicyHolderName()
[ERROR]   location: variable retrieved of type com.tpa.claimprocessor.domain.entity.Policy
[ERROR] /c:/Users/MPremananda/Desktop/TPA Insurance Claim Processing System/src/test/java/com/tpa/claimprocessor/controller/ControllerIntegrationTest.java:[192,55] cannot find symbol
[ERROR]   symbol:   method findByStatus(java.lang.String)
[ERROR]   location: variable policyRepository of type com.tpa.claimprocessor.domain.repository.PolicyRepository
[ERROR] /c:/Users/MPremananda/Desktop/TPA Insurance Claim Processing System/src/test/java/com/tpa/claimprocessor/controller/ControllerIntegrationTest.java:[212,57] cannot find symbol
[ERROR]   symbol:   method findByStatus(java.lang.String)
[ERROR]   location: variable policyRepository of type com.tpa.claimprocessor.domain.repository.PolicyRepository
[ERROR] /c:/Users/MPremananda/Desktop/TPA Insurance Claim Processing System/src/test/java/com/tpa/claimprocessor/controller/ControllerIntegrationTest.java:[221,60] cannot find symbol
[ERROR]   symbol:   method getCoverageLimit()
[ERROR]   location: variable retrieved of type com.tpa.claimprocessor.domain.entity.Policy
[ERROR] /c:/Users/MPremananda/Desktop/TPA Insurance Claim Processing System/src/test/java/com/tpa/claimprocessor/controller/ControllerIntegrationTest.java:[276,40] cannot find symbol
[ERROR]   symbol:   method findByStatus(com.tpa.claimprocessor.domain.enums.ClaimStatus)
[ERROR]   location: variable claimRepository of type com.tpa.claimprocessor.domain.repository.ClaimRepository
[ERROR] /c:/Users/MPremananda/Desktop/TPA Insurance Claim Processing System/src/test/java/com/tpa/claimprocessor/controller/ControllerIntegrationTest.java:[277,40] cannot find symbol
[ERROR]   symbol:   method findByStatus(com.tpa.claimprocessor.domain.enums.ClaimStatus)
[ERROR]   location: variable claimRepository of type com.tpa.claimprocessor.domain.repository.ClaimRepository
[ERROR] /c:/Users/MPremananda/Desktop/TPA Insurance Claim Processing System/src/test/java/com/tpa/claimprocessor/controller/ControllerIntegrationTest.java:[278,39] cannot find symbol
[ERROR]   symbol:   method findByStatus(com.tpa.claimprocessor.domain.enums.ClaimStatus)
[ERROR]   location: variable claimRepository of type com.tpa.claimprocessor.domain.repository.ClaimRepository
[ERROR] /c:/Users/MPremananda/Desktop/TPA Insurance Claim Processing System/src/test/java/com/tpa/claimprocessor/controller/ControllerIntegrationTest.java:[302,26] cannot find symbol
[ERROR]   symbol:   method getCoverageLimit()
[ERROR]   location: variable policy of type com.tpa.claimprocessor.domain.entity.Policy
[ERROR] /c:/Users/MPremananda/Desktop/TPA Insurance Claim Processing System/src/test/java/com/tpa/claimprocessor/controller/ControllerIntegrationTest.java:[321,44] cannot find symbol
[ERROR]   symbol:   method getPolicyHolderName()
[ERROR]   location: variable retrieved of type com.tpa.claimprocessor.domain.entity.Policy
[ERROR] /c:/Users/MPremananda/Desktop/TPA Insurance Claim Processing System/src/test/java/com/tpa/claimprocessor/controller/ControllerIntegrationTest.java:[328,51] cannot find symbol
[ERROR]   symbol:   method getCreatedDate()
[ERROR]   location: variable c of type com.tpa.claimprocessor.domain.entity.Claim
[ERROR] /c:/Users/MPremananda/Desktop/TPA Insurance Claim Processing System/src/test/java/com/tpa/claimprocessor/controller/ControllerIntegrationTest.java:[335,53] cannot find symbol
[ERROR]   symbol:   method getCoverageLimit()
[ERROR]   location: variable p of type com.tpa.claimprocessor.domain.entity.Policy
[ERROR] /c:/Users/MPremananda/Desktop/TPA Insurance Claim Processing System/src/test/java/com/tpa/claimprocessor/extraction/ExtractionComprehensiveTest.java:[169,64] cannot find symbol
[ERROR]   symbol:   variable MEDICAL_RECORDS
[ERROR]   location: class com.tpa.claimprocessor.domain.enums.DocumentType
[ERROR] /c:/Users/MPremananda/Desktop/TPA Insurance Claim Processing System/src/test/java/com/tpa/claimprocessor/extraction/ExtractionComprehensiveTest.java:[183,43] cannot find symbol
[ERROR]   symbol:   method getFileName()
[ERROR]   location: variable retrieved of type com.tpa.claimprocessor.domain.entity.ClaimDocument
[ERROR] /c:/Users/MPremananda/Desktop/TPA Insurance Claim Processing System/src/test/java/com/tpa/claimprocessor/extraction/ExtractionComprehensiveTest.java:[184,50] cannot find symbol
[ERROR]   symbol:   method getMimeType()
[ERROR]   location: variable retrieved of type com.tpa.claimprocessor.domain.entity.ClaimDocument
[ERROR] /c:/Users/MPremananda/Desktop/TPA Insurance Claim Processing System/src/test/java/com/tpa/claimprocessor/extraction/ExtractionComprehensiveTest.java:[186,42] cannot find symbol
[ERROR]   symbol:   method getFileHash()
[ERROR]   location: variable retrieved of type com.tpa.claimprocessor.domain.entity.ClaimDocument
[ERROR] /c:/Users/MPremananda/Desktop/TPA Insurance Claim Processing System/src/test/java/com/tpa/claimprocessor/rules/RulesComprehensiveTest.java:[75,52] cannot find symbol
[ERROR]   symbol:   method getRuleId()
[ERROR]   location: variable r of type com.tpa.claimprocessor.rules.RuleEvaluationResult
[ERROR] /c:/Users/MPremananda/Desktop/TPA Insurance Claim Processing System/src/test/java/com/tpa/claimprocessor/rules/RulesComprehensiveTest.java:[90,53] cannot find symbol
[ERROR]   symbol:   method getRuleId()
[ERROR]   location: variable r of type com.tpa.claimprocessor.rules.RuleEvaluationResult
[ERROR] /c:/Users/MPremananda/Desktop/TPA Insurance Claim Processing System/src/test/java/com/tpa/claimprocessor/rules/RulesComprehensiveTest.java:[105,52] cannot find symbol
[ERROR]   symbol:   method getRuleId()
[ERROR]   location: variable r of type com.tpa.claimprocessor.rules.RuleEvaluationResult
[ERROR] /c:/Users/MPremananda/Desktop/TPA Insurance Claim Processing System/src/test/java/com/tpa/claimprocessor/rules/RulesComprehensiveTest.java:[120,53] cannot find symbol
[ERROR]   symbol:   method getRuleId()
[ERROR]   location: variable r of type com.tpa.claimprocessor.rules.RuleEvaluationResult
[ERROR] /c:/Users/MPremananda/Desktop/TPA Insurance Claim Processing System/src/test/java/com/tpa/claimprocessor/rules/RulesComprehensiveTest.java:[148,52] cannot find symbol
[ERROR]   symbol:   method getRuleId()
[ERROR]   location: variable r of type com.tpa.claimprocessor.rules.RuleEvaluationResult
[ERROR] /c:/Users/MPremananda/Desktop/TPA Insurance Claim Processing System/src/test/java/com/tpa/claimprocessor/rules/RulesComprehensiveTest.java:[163,53] cannot find symbol
[ERROR]   symbol:   method getRuleId()
[ERROR]   location: variable r of type com.tpa.claimprocessor.rules.RuleEvaluationResult
[ERROR] /c:/Users/MPremananda/Desktop/TPA Insurance Claim Processing System/src/test/java/com/tpa/claimprocessor/rules/RulesComprehensiveTest.java:[179,52] cannot find symbol
[ERROR]   symbol:   method getRuleId()
[ERROR]   location: variable r of type com.tpa.claimprocessor.rules.RuleEvaluationResult
[ERROR] /c:/Users/MPremananda/Desktop/TPA Insurance Claim Processing System/src/test/java/com/tpa/claimprocessor/rules/RulesComprehensiveTest.java:[194,53] cannot find symbol
[ERROR]   symbol:   method getRuleId()
[ERROR]   location: variable r of type com.tpa.claimprocessor.rules.RuleEvaluationResult
[ERROR] /c:/Users/MPremananda/Desktop/TPA Insurance Claim Processing System/src/test/java/com/tpa/claimprocessor/rules/RulesComprehensiveTest.java:[211,52] cannot find symbol
[ERROR]   symbol:   method getRuleId()
[ERROR]   location: variable r of type com.tpa.claimprocessor.rules.RuleEvaluationResult
[ERROR] /c:/Users/MPremananda/Desktop/TPA Insurance Claim Processing System/src/test/java/com/tpa/claimprocessor/rules/RulesComprehensiveTest.java:[227,53] cannot find symbol
[ERROR]   symbol:   method getRuleId()
[ERROR]   location: variable r of type com.tpa.claimprocessor.rules.RuleEvaluationResult
[ERROR] /c:/Users/MPremananda/Desktop/TPA Insurance Claim Processing System/src/test/java/com/tpa/claimprocessor/rules/RulesComprehensiveTest.java:[245,52] cannot find symbol
[ERROR]   symbol:   method getRuleId()
[ERROR]   location: variable r of type com.tpa.claimprocessor.rules.RuleEvaluationResult
[ERROR] /c:/Users/MPremananda/Desktop/TPA Insurance Claim Processing System/src/test/java/com/tpa/claimprocessor/rules/RulesComprehensiveTest.java:[262,53] cannot find symbol
[ERROR]   symbol:   method getRuleId()
[ERROR]   location: variable r of type com.tpa.claimprocessor.rules.RuleEvaluationResult
[ERROR] /c:/Users/MPremananda/Desktop/TPA Insurance Claim Processing System/src/test/java/com/tpa/claimprocessor/rules/RulesComprehensiveTest.java:[280,52] cannot find symbol
[ERROR]   symbol:   method getRuleId()
[ERROR]   location: variable r of type com.tpa.claimprocessor.rules.RuleEvaluationResult
[ERROR] /c:/Users/MPremananda/Desktop/TPA Insurance Claim Processing System/src/test/java/com/tpa/claimprocessor/rules/RulesComprehensiveTest.java:[297,52] cannot find symbol
[ERROR]   symbol:   method getRuleId()
[ERROR]   location: variable r of type com.tpa.claimprocessor.rules.RuleEvaluationResult
[ERROR] /c:/Users/MPremananda/Desktop/TPA Insurance Claim Processing System/src/test/java/com/tpa/claimprocessor/util/UtilityDatabaseTest.java:[65,28] cannot find symbol
[ERROR]   symbol:   method getCreatedDate()
[ERROR]   location: variable saved of type com.tpa.claimprocessor.domain.entity.Claim
[ERROR] /c:/Users/MPremananda/Desktop/TPA Insurance Claim Processing System/src/test/java/com/tpa/claimprocessor/util/UtilityDatabaseTest.java:[88,60] cannot find symbol
[ERROR]   symbol:   method getFileHash()
[ERROR]   location: class com.tpa.claimprocessor.domain.entity.ClaimDocument
[ERROR] /c:/Users/MPremananda/Desktop/TPA Insurance Claim Processing System/src/test/java/com/tpa/claimprocessor/util/UtilityDatabaseTest.java:[99,50] cannot find symbol
[ERROR]   symbol:   method getFileName()
[ERROR]   location: class com.tpa.claimprocessor.domain.entity.ClaimDocument
[ERROR] /c:/Users/MPremananda/Desktop/TPA Insurance Claim Processing System/src/test/java/com/tpa/claimprocessor/util/UtilityDatabaseTest.java:[119,28] cannot find symbol
[ERROR]   symbol:   method getCreatedDate()
[ERROR]   location: variable saved of type com.tpa.claimprocessor.domain.entity.Claim
[ERROR] /c:/Users/MPremananda/Desktop/TPA Insurance Claim Processing System/src/test/java/com/tpa/claimprocessor/util/UtilityDatabaseTest.java:[191,25] cannot find symbol
[ERROR]   symbol:   method getExpirationDate()
[ERROR]   location: variable saved of type com.tpa.claimprocessor.domain.entity.Policy
[ERROR] /c:/Users/MPremananda/Desktop/TPA Insurance Claim Processing System/src/test/java/com/tpa/claimprocessor/util/UtilityDatabaseTest.java:[191,79] cannot find symbol
[ERROR]   symbol:   method getExpirationDate()
[ERROR]   location: variable saved of type com.tpa.claimprocessor.domain.entity.Policy
[ERROR] /c:/Users/MPremananda/Desktop/TPA Insurance Claim Processing System/src/test/java/com/tpa/claimprocessor/util/UtilityDatabaseTest.java:[209,47] cannot find symbol
[ERROR]   symbol:   method getInsuranceCompany()
[ERROR]   location: variable saved of type com.tpa.claimprocessor.domain.entity.Policy
[ERROR] /c:/Users/MPremananda/Desktop/TPA Insurance Claim Processing System/src/test/java/com/tpa/claimprocessor/util/UtilityDatabaseTest.java:[248,25] cannot find symbol
[ERROR]   symbol:   method getCoverageLimit()
[ERROR]   location: variable saved of type com.tpa.claimprocessor.domain.entity.Policy
[ERROR] -> [Help 1]
[ERROR] 
[ERROR] To see the full stack trace of the errors, re-run Maven with the -e switch.
[ERROR] Re-run Maven using the -X switch to enable full debug logging.
[ERROR] 
[ERROR] For more information about the errors and possible solutions, please read the following articles:
[ERROR] [Help 1] http://cwiki.apache.org/confluence/display/MAVEN/MojoFailureException
